../Core/Src/main.c:71:5:compare	24	static
../Core/Src/main.c:79:6:rendezz	32	static
../Core/Src/main.c:100:6:merj	32	static
../Core/Src/main.c:124:5:main	32	static
../Core/Src/main.c:199:6:SystemClock_Config	96	static
../Core/Src/main.c:248:6:PeriphCommonClock_Config	144	static
../Core/Src/main.c:274:13:MX_ADC1_Init	48	static
../Core/Src/main.c:341:13:MX_ADC2_Init	32	static
../Core/Src/main.c:399:13:MX_ADC3_Init	32	static
../Core/Src/main.c:457:13:MX_TIM2_Init	48	static
../Core/Src/main.c:515:13:MX_USART2_UART_Init	8	static
../Core/Src/main.c:550:13:MX_GPIO_Init	48	static
../Core/Src/main.c:586:6:Error_Handler	4	static,ignoring_inline_asm
